// Jest Snapshot v1, https://goo.gl/fbAQLP

exports[`Testing SignIn renders correctly 1`] = `null`;
