// Jest Snapshot v1, https://goo.gl/fbAQLP

exports[`Testing NotFound renders correctly 1`] = `
<h1
  className="text-center my-3"
>
  title
</h1>
`;
