// Jest Snapshot v1, https://goo.gl/fbAQLP

exports[`Testing AddClient renders correctly 1`] = `
<button
  className="btn btn-primary"
  disabled={false}
  onClick={[Function]}
  type="button"
>
  new-client-button
</button>
`;
