// Jest Snapshot v1, https://goo.gl/fbAQLP

exports[`Testing AddClientModal renders correctly when not shown 1`] = `null`;
