// Jest Snapshot v1, https://goo.gl/fbAQLP

exports[`Testing LanguageSwitcher renders correctly 1`] = `
<div
  className="justify-content-center hstack gap-2 minBreakpoint-xs"
>
  <div>
    available-in
    :
  </div>
  <div>
    <a
      href="/"
      onClick={[Function]}
    >
      PortuguÃªs
    </a>
    <a
      href="/"
      onClick={[Function]}
    >
      English
    </a>
  </div>
</div>
`;
